[opennepal.net/odd2017/hackathon/index.html]
[backblue.gif]
[fade.gif]
[index.html]
[opennepal.net/odd2017/hackathon/dest/css/bundle.css]
[opennepal.net/odd2017/hackathon/src/assets/images/hero_image.png]
[cdnjs.cloudflare.com/ajax/libs/modernizr/2.8.3/modernizr.js]
[opennepal.net/odd2017/hackathon/src/assets/video/odd_animation.webm]
[opennepal.net/odd2017/hackathon/src/assets/video/ODD_final_animation.5.delayed]
[opennepal.net/odd2017/hackathon/src/assets/video/odd_animation.mp4]
[opennepal.net/odd2017/hackathon/src/assets/images/team-tracker.jpg]
[opennepal.net/odd2017/hackathon/src/assets/images/gurdian-of-health.jpg]
[opennepal.net/odd2017/hackathon/src/assets/images/hold-the-code.jpg]
[opennepal.net/odd2017/hackathon/challenges/health-challenge-1.html]
[opennepal.net/odd2017/hackathon/challenges/health-challenge-4.html]
[opennepal.net/odd2017/hackathon/challenges/health-challenge-3.html]
[opennepal.net/odd2017/hackathon/challenges/health-challenge-5.html]
[opennepal.net/odd2017/hackathon/challenges/health-challenge-open.html]
[opennepal.net/odd2017/hackathon/challenges/health-challenge-open2.html]
[opennepal.net/odd2017/hackathon/challenges/procurement-challenge-1.html]
[opennepal.net/odd2017/hackathon/challenges/procurement-challenge-2.html]
[opennepal.net/odd2017/hackathon/challenges/procurement-challenge-3.html]
[opennepal.net/odd2017/hackathon/src/assets/json/egp-I.json]
[opennepal.net/odd2017/hackathon/src/assets/json/ocds-egp-II.json]
[opennepal.net/odd2017/hackathon/challenges/procurement-challenge-open.html]
[opennepal.net/odd2017/hackathon/judges/judge1.html]
[opennepal.net/odd2017/hackathon/src/assets/images/judge1.jpg]
[opennepal.net/odd2017/hackathon/judges/judge2.html]
[opennepal.net/odd2017/hackathon/src/assets/images/judge2.jpg]
[opennepal.net/odd2017/hackathon/judges/judge3.html]
[opennepal.net/odd2017/hackathon/src/assets/images/judge3.jpg]
[opennepal.net/odd2017/hackathon/judges/judge4.html]
[opennepal.net/odd2017/hackathon/src/assets/images/judge4.jpg]
[opennepal.net/odd2017/hackathon/src/assets/images/judge5.jpg]
[opennepal.net/odd2017/hackathon/src/assets/images/speaker.jpg]
[opennepal.net/odd2017/hackathon/src/assets/images/giz.jpg]
[opennepal.net/odd2017/hackathon/src/assets/images/facts.png]
[opennepal.net/odd2017/hackathon/src/assets/images/ran.jpg]
[opennepal.net/odd2017/hackathon/src/assets/images/women_in_tech.jpg]
[opennepal.net/odd2017/hackathon/dest/js/script.js]
[opennepal.net/odd2017/hackathon/index.html]
[opennepal.net/odd2017/hackathon/src/assets/images/bg1.png]
[opennepal.net/odd2017/hackathon/src/assets/images/bg3.png]
[3.bp.blogspot.com/-EznzkHBnKbk/Up4icD70ujI/AAAAAAAADYA/BzRSsyl-5y0/s20/menu-responsive.png]
[opennepal.net/odd2017/hackathon/dest/css/bundle.css]
[opennepal.net/odd2017/hackathon/src/assets/images/lines_top.svg]
[opennepal.net/odd2017/hackathon/src/assets/video/ODD_final_animation.html]
[opennepal.net/odd2017/hackathon/src/assets/images/logo.svg]
[opennepal.net/odd2017/hackathon/src/assets/images/schedule.svg]
[opennepal.net/odd2017/hackathon/challenges/health-challenge-1.html]
[opennepal.net/odd2017/hackathon/challenges/health-challenge-4.html]
[opennepal.net/odd2017/hackathon/challenges/health-challenge-3.html]
[opennepal.net/odd2017/hackathon/challenges/health-challenge-5.html]
[opennepal.net/odd2017/hackathon/challenges/health-challenge-open.html]
[opennepal.net/odd2017/hackathon/challenges/health-challenge-open2.html]
[opennepal.net/odd2017/hackathon/challenges/procurement-challenge-1.html]
[opennepal.net/odd2017/hackathon/challenges/procurement-challenge-2.html]
[opennepal.net/odd2017/hackathon/challenges/procurement-challenge-3.html]
[opennepal.net/odd2017/hackathon/challenges/procurement-challenge-open.html]
[opennepal.net/odd2017/hackathon/src/assets/images/data_analyst.svg]
[opennepal.net/odd2017/hackathon/src/assets/images/frontend_developer.svg]
[opennepal.net/odd2017/hackathon/src/assets/images/project_manager.svg]
[opennepal.net/odd2017/hackathon/src/assets/images/data_enthusiast.svg]
[opennepal.net/odd2017/hackathon/src/assets/images/designer.svg]
[opennepal.net/odd2017/hackathon/src/assets/images/student.svg]
[opennepal.net/odd2017/hackathon/src/assets/images/mobile_developer.svg]
[opennepal.net/odd2017/hackathon/src/assets/images/girl_participate.svg]
[opennepal.net/odd2017/hackathon/src/assets/images/register_icon.svg]
[opennepal.net/odd2017/hackathon/src/assets/images/email_star.svg]
[opennepal.net/odd2017/hackathon/src/assets/images/mouse_icon.svg]
[opennepal.net/odd2017/hackathon/src/assets/images/confirm_icon.svg]
[opennepal.net/odd2017/hackathon/src/assets/images/setting_icon.svg]
[opennepal.net/odd2017/hackathon/judges/src/assets/images/judge1.45.delayed]
[opennepal.net/odd2017/hackathon/judges/judge1.html]
[opennepal.net/odd2017/hackathon/judges/src/assets/images/judge2.jpg]
[opennepal.net/odd2017/hackathon/judges/judge2.html]
[opennepal.net/odd2017/hackathon/judges/src/assets/images/judge3.jpg]
[opennepal.net/odd2017/hackathon/judges/judge3.html]
[opennepal.net/odd2017/hackathon/judges/src/assets/images/judge4.jpg]
[opennepal.net/odd2017/hackathon/judges/judge4.html]
[opennepal.net/odd2017/hackathon/src/assets/images/two_girls.svg]
[opennepal.net/odd2017/hackathon/src/assets/images/team.svg]
[opennepal.net/odd2017/hackathon/src/assets/images/boy_with_laptop.svg]
[opennepal.net/odd2017/hackathon/src/assets/images/lunch.svg]
[opennepal.net/odd2017/hackathon/src/assets/images/girl_with_laptop.svg]
[opennepal.net/odd2017/hackathon/src/assets/images/tech_check.svg]
[opennepal.net/odd2017/hackathon/src/assets/images/criteria.svg]
[opennepal.net/odd2017/hackathon/src/assets/images/boy_speech.svg]
[opennepal.net/odd2017/hackathon/src/assets/images/winners.svg]
[opennepal.net/odd2017/hackathon/src/assets/images/yipl.svg]
[opennepal.net/odd2017/hackathon/src/assets/images/leapfrog.svg]
[opennepal.net/odd2017/hackathon/src/assets/images/opennepal.svg]
[opennepal.net/odd2017/hackathon/src/assets/images/csit.svg]
[opennepal.net/odd2017/hackathon/src/assets/images/location.svg]
[opennepal.net/odd2017/hackathon/judges/src/assets/images/judge1.html]
[opennepal.net/odd2017/hackathon/judges/src/assets/images/judge2.html]
[opennepal.net/odd2017/hackathon/judges/src/assets/images/judge3.html]
[opennepal.net/odd2017/hackathon/judges/src/assets/images/judge4.html]
